...............................2
.1............................22
..22222222222.....2222222222222
..2.........233.332..........2..
..2...........343............2..
..2............4.............2..
..2............4.............2..
..22........2.44.............2..
...32222222.4.5..............2..
...3......23455..............2..
..22..........55............22..
..2............54322222.....3...
..2............4.2....233..33...
..2............3........3444....
..2............3.......23.5.....
..2............3......11..44....
..2..........2223....11....33...
..2.........21..23.221......3...
..22.......21....232........22..
...3.....221......3..........2..
...322222.........3..........2..
..22...2..........3..........2..
..2....2..........332.......22..
..2....2.........33.222222223...
..2....2222222.232..........3...
..2..........233............2...
..2............3............2...
..2............3............2...
..2..........23332..........3...
..222222222222...2222222222222..
.22..........................21.
22..............................

