.............9.................9
.............9.................9
.............9.................9
.............9.................9
.............99................9
..............99...............9
...............99..............9
................9.......67899999
................9......76.......
................99999876........
998765..........9...............
.....65...7899999...............
......6..78....9................
.......678.....9................
.........7.....9................
.........6.....89...............
.........5......89..............
........54.......89.............
.......54.........89.......78999
......54...........89.....76....
......6.............9....76.....
.....67.............999876......
99876567...........99...........
.......67.........99............
........67.......99.............
.........67.....99..............
..........67899999..............
.................9..............
.................9..............
.................9..............
.................9..............
987654567899999999..............

